<html>
<body>
<pre>
<h1>µVision Build Log</h1>
<h2>Tool Versions:</h2>
IDE-Version: µVision V5.31.0.0
Copyright (C) 2020 ARM Ltd and ARM Germany GmbH. All rights reserved.
License Information: Luan Le, Ginno, LIC=76F5U-SZMKT-WFZI7-EYNUB-4CUL9-1FJGB
 
Tool Versions:
Toolchain:       MDK-ARM Plus  Version: 5.31.0.0
Toolchain Path:  C:\Keil_v5\ARM\ARMCLANG\Bin
C Compiler:      ArmClang.exe V6.14
Assembler:       Armasm.exe V6.14
Linker/Locator:  ArmLink.exe V6.14
Library Manager: ArmAr.exe V6.14
Hex Converter:   FromElf.exe V6.14
CPU DLL:         SARMCM3.DLL V5.31.0.0
Dialog DLL:      DCM.DLL V1.17.3.0
    Target DLL: lmidk-agdi.dll
Dialog DLL:      TCM.DLL V1.46.0.0
 
<h2>Project:</h2>
C:\Keil_v5\EE319KwareSpring2023\Lab2fixed_EE319K\Lab2.uvprojx
Project File Date:  09/08/2023

<h2>Output:</h2>
*** Using Compiler 'V6.14', folder: 'C:\Keil_v5\ARM\ARMCLANG\Bin'
Build target 'Lab2'
compiling Lab2.c...
linking...
Program Size: Code=6078 RO-data=1794 RW-data=16 ZI-data=1232  
".\Lab2.axf" - 0 Error(s), 0 Warning(s).

<h2>Software Packages used:</h2>

Package Vendor: ARM
                http://www.keil.com/pack/ARM.CMSIS.5.7.0.pack
                ARM.CMSIS.5.7.0
                CMSIS (Cortex Microcontroller Software Interface Standard)
   * Component: CORE Version: 5.4.0

Package Vendor: Keil
                http://www.keil.com/pack/Keil.TM4C_DFP.1.1.0.pack
                Keil.TM4C_DFP.1.1.0
                Texas Instruments Tiva C Series Device Support and Examples

<h2>Collection of Component include folders:</h2>
  .\RTE\_Lab2
  C:\Users\luan1\AppData\Local\Arm\Packs\ARM\CMSIS\5.7.0\CMSIS\Core\Include
  C:\Users\luan1\AppData\Local\Arm\Packs\Keil\TM4C_DFP\1.1.0\Device\Include\TM4C123

<h2>Collection of Component Files used:</h2>

   * Component: ARM::CMSIS:CORE:5.4.0
Build Time Elapsed:  00:00:00
</pre>
</body>
</html>
